Timing Analyzer report for projeto
Thu Apr 30 23:26:50 2026
Quartus Prime Version 21.1.0 Build 842 10/21/2021 SJ Lite Edition


---------------------
; Table of Contents ;
---------------------
  1. Legal Notice
  2. Timing Analyzer Summary
  3. Parallel Compilation
  4. Clocks
  5. Slow 1200mV 85C Model Fmax Summary
  6. Slow 1200mV 85C Model Setup Summary
  7. Slow 1200mV 85C Model Hold Summary
  8. Slow 1200mV 85C Model Recovery Summary
  9. Slow 1200mV 85C Model Removal Summary
 10. Slow 1200mV 85C Model Minimum Pulse Width Summary
 11. Slow 1200mV 85C Model Metastability Summary
 12. Slow 1200mV 0C Model Fmax Summary
 13. Slow 1200mV 0C Model Setup Summary
 14. Slow 1200mV 0C Model Hold Summary
 15. Slow 1200mV 0C Model Recovery Summary
 16. Slow 1200mV 0C Model Removal Summary
 17. Slow 1200mV 0C Model Minimum Pulse Width Summary
 18. Slow 1200mV 0C Model Metastability Summary
 19. Fast 1200mV 0C Model Setup Summary
 20. Fast 1200mV 0C Model Hold Summary
 21. Fast 1200mV 0C Model Recovery Summary
 22. Fast 1200mV 0C Model Removal Summary
 23. Fast 1200mV 0C Model Minimum Pulse Width Summary
 24. Fast 1200mV 0C Model Metastability Summary
 25. Multicorner Timing Analysis Summary
 26. Board Trace Model Assignments
 27. Input Transition Times
 28. Signal Integrity Metrics (Slow 1200mv 0c Model)
 29. Signal Integrity Metrics (Slow 1200mv 85c Model)
 30. Signal Integrity Metrics (Fast 1200mv 0c Model)
 31. Clock Transfers
 32. Report TCCS
 33. Report RSKM
 34. Unconstrained Paths Summary
 35. Unconstrained Input Ports
 36. Unconstrained Output Ports
 37. Unconstrained Input Ports
 38. Unconstrained Output Ports
 39. Timing Analyzer Messages



----------------
; Legal Notice ;
----------------
Copyright (C) 2021  Intel Corporation. All rights reserved.
Your use of Intel Corporation's design tools, logic functions 
and other software and tools, and any partner logic 
functions, and any output files from any of the foregoing 
(including device programming or simulation files), and any 
associated documentation or information are expressly subject 
to the terms and conditions of the Intel Program License 
Subscription Agreement, the Intel Quartus Prime License Agreement,
the Intel FPGA IP License Agreement, or other applicable license
agreement, including, without limitation, that your use is for
the sole purpose of programming logic devices manufactured by
Intel and sold by Intel or its authorized distributors.  Please
refer to the applicable agreement for further details, at
https://fpgasoftware.intel.com/eula.



+-----------------------------------------------------------------------------+
; Timing Analyzer Summary                                                     ;
+-----------------------+-----------------------------------------------------+
; Quartus Prime Version ; Version 21.1.0 Build 842 10/21/2021 SJ Lite Edition ;
; Timing Analyzer       ; Legacy Timing Analyzer                              ;
; Revision Name         ; projeto                                             ;
; Device Family         ; MAX 10                                              ;
; Device Name           ; 10M50DCF484C7G                                      ;
; Timing Models         ; Final                                               ;
; Delay Model           ; Combined                                            ;
; Rise/Fall Delays      ; Enabled                                             ;
+-----------------------+-----------------------------------------------------+


+------------------------------------------+
; Parallel Compilation                     ;
+----------------------------+-------------+
; Processors                 ; Number      ;
+----------------------------+-------------+
; Number detected on machine ; 8           ;
; Maximum allowed            ; 4           ;
;                            ;             ;
; Average used               ; 1.08        ;
; Maximum used               ; 4           ;
;                            ;             ;
; Usage by Processor         ; % Time Used ;
;     Processor 1            ; 100.0%      ;
;     Processors 2-4         ;   2.6%      ;
+----------------------------+-------------+


----------
; Clocks ;
----------
No clocks to report.


--------------------------------------
; Slow 1200mV 85C Model Fmax Summary ;
--------------------------------------
No paths to report.


---------------------------------------
; Slow 1200mV 85C Model Setup Summary ;
---------------------------------------
No paths to report.


--------------------------------------
; Slow 1200mV 85C Model Hold Summary ;
--------------------------------------
No paths to report.


------------------------------------------
; Slow 1200mV 85C Model Recovery Summary ;
------------------------------------------
No paths to report.


-----------------------------------------
; Slow 1200mV 85C Model Removal Summary ;
-----------------------------------------
No paths to report.


-----------------------------------------------------
; Slow 1200mV 85C Model Minimum Pulse Width Summary ;
-----------------------------------------------------
No paths to report.


-----------------------------------------------
; Slow 1200mV 85C Model Metastability Summary ;
-----------------------------------------------
No synchronizer chains to report.


-------------------------------------
; Slow 1200mV 0C Model Fmax Summary ;
-------------------------------------
No paths to report.


--------------------------------------
; Slow 1200mV 0C Model Setup Summary ;
--------------------------------------
No paths to report.


-------------------------------------
; Slow 1200mV 0C Model Hold Summary ;
-------------------------------------
No paths to report.


-----------------------------------------
; Slow 1200mV 0C Model Recovery Summary ;
-----------------------------------------
No paths to report.


----------------------------------------
; Slow 1200mV 0C Model Removal Summary ;
----------------------------------------
No paths to report.


----------------------------------------------------
; Slow 1200mV 0C Model Minimum Pulse Width Summary ;
----------------------------------------------------
No paths to report.


----------------------------------------------
; Slow 1200mV 0C Model Metastability Summary ;
----------------------------------------------
No synchronizer chains to report.


--------------------------------------
; Fast 1200mV 0C Model Setup Summary ;
--------------------------------------
No paths to report.


-------------------------------------
; Fast 1200mV 0C Model Hold Summary ;
-------------------------------------
No paths to report.


-----------------------------------------
; Fast 1200mV 0C Model Recovery Summary ;
-----------------------------------------
No paths to report.


----------------------------------------
; Fast 1200mV 0C Model Removal Summary ;
----------------------------------------
No paths to report.


----------------------------------------------------
; Fast 1200mV 0C Model Minimum Pulse Width Summary ;
----------------------------------------------------
No paths to report.


----------------------------------------------
; Fast 1200mV 0C Model Metastability Summary ;
----------------------------------------------
No synchronizer chains to report.


+----------------------------------------------------------------------------+
; Multicorner Timing Analysis Summary                                        ;
+------------------+-------+------+----------+---------+---------------------+
; Clock            ; Setup ; Hold ; Recovery ; Removal ; Minimum Pulse Width ;
+------------------+-------+------+----------+---------+---------------------+
; Worst-case Slack ; N/A   ; N/A  ; N/A      ; N/A     ; N/A                 ;
; Design-wide TNS  ; 0.0   ; 0.0  ; 0.0      ; 0.0     ; 0.0                 ;
+------------------+-------+------+----------+---------+---------------------+


+-----------------------------------------------------------------------------------------------------------------------------------------------------------------------------------------------------------------------------------------------------------------------------------------------------------------------------------------------------------------------------------------------------------------+
; Board Trace Model Assignments                                                                                                                                                                                                                                                                                                                                                                                   ;
+--------------+--------------+-------------------+-------------------------+-------------------------+---------------+---------------------+----------------+------------------+--------+------------------+------------------------+------------------------+--------------+---------------+-----------------+-------+---------------------+--------------------+---------------+-----------------+-------------+
; Pin          ; I/O Standard ; Near Tline Length ; Near Tline L per Length ; Near Tline C per Length ; Near Series R ; Near Differential R ; Near Pull-up R ; Near Pull-down R ; Near C ; Far Tline Length ; Far Tline L per Length ; Far Tline C per Length ; Far Series R ; Far Pull-up R ; Far Pull-down R ; Far C ; Termination Voltage ; Far Differential R ; EBD File Name ; EBD Signal Name ; EBD Far-end ;
+--------------+--------------+-------------------+-------------------------+-------------------------+---------------+---------------------+----------------+------------------+--------+------------------+------------------------+------------------------+--------------+---------------+-----------------+-------+---------------------+--------------------+---------------+-----------------+-------------+
; z[0]         ; 2.5 V        ; 0 in              ; 0 H/in                  ; 0 F/in                  ; short         ; -                   ; open           ; open             ; open   ; 0 in             ; 0 H/in                 ; 0 F/in                 ; short        ; open          ; open            ; open  ; 0 V                 ; -                  ; n/a           ; n/a             ; n/a         ;
; z[1]         ; 2.5 V        ; 0 in              ; 0 H/in                  ; 0 F/in                  ; short         ; -                   ; open           ; open             ; open   ; 0 in             ; 0 H/in                 ; 0 F/in                 ; short        ; open          ; open            ; open  ; 0 V                 ; -                  ; n/a           ; n/a             ; n/a         ;
; z[2]         ; 2.5 V        ; 0 in              ; 0 H/in                  ; 0 F/in                  ; short         ; -                   ; open           ; open             ; open   ; 0 in             ; 0 H/in                 ; 0 F/in                 ; short        ; open          ; open            ; open  ; 0 V                 ; -                  ; n/a           ; n/a             ; n/a         ;
; z[3]         ; 2.5 V        ; 0 in              ; 0 H/in                  ; 0 F/in                  ; short         ; -                   ; open           ; open             ; open   ; 0 in             ; 0 H/in                 ; 0 F/in                 ; short        ; open          ; open            ; open  ; 0 V                 ; -                  ; n/a           ; n/a             ; n/a         ;
; z[4]         ; 2.5 V        ; 0 in              ; 0 H/in                  ; 0 F/in                  ; short         ; -                   ; open           ; open             ; open   ; 0 in             ; 0 H/in                 ; 0 F/in                 ; short        ; open          ; open            ; open  ; 0 V                 ; -                  ; n/a           ; n/a             ; n/a         ;
; z[5]         ; 2.5 V        ; 0 in              ; 0 H/in                  ; 0 F/in                  ; short         ; -                   ; open           ; open             ; open   ; 0 in             ; 0 H/in                 ; 0 F/in                 ; short        ; open          ; open            ; open  ; 0 V                 ; -                  ; n/a           ; n/a             ; n/a         ;
; z[6]         ; 2.5 V        ; 0 in              ; 0 H/in                  ; 0 F/in                  ; short         ; -                   ; open           ; open             ; open   ; 0 in             ; 0 H/in                 ; 0 F/in                 ; short        ; open          ; open            ; open  ; 0 V                 ; -                  ; n/a           ; n/a             ; n/a         ;
; z[7]         ; 2.5 V        ; 0 in              ; 0 H/in                  ; 0 F/in                  ; short         ; -                   ; open           ; open             ; open   ; 0 in             ; 0 H/in                 ; 0 F/in                 ; short        ; open          ; open            ; open  ; 0 V                 ; -                  ; n/a           ; n/a             ; n/a         ;
; ~ALTERA_TDO~ ; 2.5 V        ; 0 in              ; 0 H/in                  ; 0 F/in                  ; short         ; -                   ; open           ; open             ; open   ; 0 in             ; 0 H/in                 ; 0 F/in                 ; short        ; open          ; open            ; open  ; 0 V                 ; -                  ; n/a           ; n/a             ; n/a         ;
+--------------+--------------+-------------------+-------------------------+-------------------------+---------------+---------------------+----------------+------------------+--------+------------------+------------------------+------------------------+--------------+---------------+-----------------+-------+---------------------+--------------------+---------------+-----------------+-------------+


+---------------------------------------------------------------------------------+
; Input Transition Times                                                          ;
+---------------------+-----------------------+-----------------+-----------------+
; Pin                 ; I/O Standard          ; 10-90 Rise Time ; 90-10 Fall Time ;
+---------------------+-----------------------+-----------------+-----------------+
; N[80]               ; 2.5 V                 ; 2000 ps         ; 2000 ps         ;
; selecao[1]          ; 2.5 V                 ; 2000 ps         ; 2000 ps         ;
; N[72]               ; 2.5 V                 ; 2000 ps         ; 2000 ps         ;
; selecao[0]          ; 2.5 V                 ; 2000 ps         ; 2000 ps         ;
; N[64]               ; 2.5 V                 ; 2000 ps         ; 2000 ps         ;
; N[88]               ; 2.5 V                 ; 2000 ps         ; 2000 ps         ;
; selecao[3]          ; 2.5 V                 ; 2000 ps         ; 2000 ps         ;
; N[40]               ; 2.5 V                 ; 2000 ps         ; 2000 ps         ;
; N[48]               ; 2.5 V                 ; 2000 ps         ; 2000 ps         ;
; N[32]               ; 2.5 V                 ; 2000 ps         ; 2000 ps         ;
; N[56]               ; 2.5 V                 ; 2000 ps         ; 2000 ps         ;
; selecao[2]          ; 2.5 V                 ; 2000 ps         ; 2000 ps         ;
; N[16]               ; 2.5 V                 ; 2000 ps         ; 2000 ps         ;
; N[8]                ; 2.5 V                 ; 2000 ps         ; 2000 ps         ;
; N[0]                ; 2.5 V                 ; 2000 ps         ; 2000 ps         ;
; N[24]               ; 2.5 V                 ; 2000 ps         ; 2000 ps         ;
; N[104]              ; 2.5 V                 ; 2000 ps         ; 2000 ps         ;
; N[112]              ; 2.5 V                 ; 2000 ps         ; 2000 ps         ;
; N[96]               ; 2.5 V                 ; 2000 ps         ; 2000 ps         ;
; N[120]              ; 2.5 V                 ; 2000 ps         ; 2000 ps         ;
; N[49]               ; 2.5 V                 ; 2000 ps         ; 2000 ps         ;
; N[81]               ; 2.5 V                 ; 2000 ps         ; 2000 ps         ;
; N[17]               ; 2.5 V                 ; 2000 ps         ; 2000 ps         ;
; N[113]              ; 2.5 V                 ; 2000 ps         ; 2000 ps         ;
; N[73]               ; 2.5 V                 ; 2000 ps         ; 2000 ps         ;
; N[41]               ; 2.5 V                 ; 2000 ps         ; 2000 ps         ;
; N[9]                ; 2.5 V                 ; 2000 ps         ; 2000 ps         ;
; N[105]              ; 2.5 V                 ; 2000 ps         ; 2000 ps         ;
; N[33]               ; 2.5 V                 ; 2000 ps         ; 2000 ps         ;
; N[65]               ; 2.5 V                 ; 2000 ps         ; 2000 ps         ;
; N[1]                ; 2.5 V                 ; 2000 ps         ; 2000 ps         ;
; N[97]               ; 2.5 V                 ; 2000 ps         ; 2000 ps         ;
; N[89]               ; 2.5 V                 ; 2000 ps         ; 2000 ps         ;
; N[57]               ; 2.5 V                 ; 2000 ps         ; 2000 ps         ;
; N[25]               ; 2.5 V                 ; 2000 ps         ; 2000 ps         ;
; N[121]              ; 2.5 V                 ; 2000 ps         ; 2000 ps         ;
; N[50]               ; 2.5 V                 ; 2000 ps         ; 2000 ps         ;
; N[42]               ; 2.5 V                 ; 2000 ps         ; 2000 ps         ;
; N[34]               ; 2.5 V                 ; 2000 ps         ; 2000 ps         ;
; N[58]               ; 2.5 V                 ; 2000 ps         ; 2000 ps         ;
; N[74]               ; 2.5 V                 ; 2000 ps         ; 2000 ps         ;
; N[82]               ; 2.5 V                 ; 2000 ps         ; 2000 ps         ;
; N[66]               ; 2.5 V                 ; 2000 ps         ; 2000 ps         ;
; N[90]               ; 2.5 V                 ; 2000 ps         ; 2000 ps         ;
; N[10]               ; 2.5 V                 ; 2000 ps         ; 2000 ps         ;
; N[18]               ; 2.5 V                 ; 2000 ps         ; 2000 ps         ;
; N[2]                ; 2.5 V                 ; 2000 ps         ; 2000 ps         ;
; N[26]               ; 2.5 V                 ; 2000 ps         ; 2000 ps         ;
; N[114]              ; 2.5 V                 ; 2000 ps         ; 2000 ps         ;
; N[106]              ; 2.5 V                 ; 2000 ps         ; 2000 ps         ;
; N[98]               ; 2.5 V                 ; 2000 ps         ; 2000 ps         ;
; N[122]              ; 2.5 V                 ; 2000 ps         ; 2000 ps         ;
; N[43]               ; 2.5 V                 ; 2000 ps         ; 2000 ps         ;
; N[75]               ; 2.5 V                 ; 2000 ps         ; 2000 ps         ;
; N[11]               ; 2.5 V                 ; 2000 ps         ; 2000 ps         ;
; N[107]              ; 2.5 V                 ; 2000 ps         ; 2000 ps         ;
; N[83]               ; 2.5 V                 ; 2000 ps         ; 2000 ps         ;
; N[51]               ; 2.5 V                 ; 2000 ps         ; 2000 ps         ;
; N[19]               ; 2.5 V                 ; 2000 ps         ; 2000 ps         ;
; N[115]              ; 2.5 V                 ; 2000 ps         ; 2000 ps         ;
; N[67]               ; 2.5 V                 ; 2000 ps         ; 2000 ps         ;
; N[35]               ; 2.5 V                 ; 2000 ps         ; 2000 ps         ;
; N[3]                ; 2.5 V                 ; 2000 ps         ; 2000 ps         ;
; N[99]               ; 2.5 V                 ; 2000 ps         ; 2000 ps         ;
; N[59]               ; 2.5 V                 ; 2000 ps         ; 2000 ps         ;
; N[91]               ; 2.5 V                 ; 2000 ps         ; 2000 ps         ;
; N[27]               ; 2.5 V                 ; 2000 ps         ; 2000 ps         ;
; N[123]              ; 2.5 V                 ; 2000 ps         ; 2000 ps         ;
; N[84]               ; 2.5 V                 ; 2000 ps         ; 2000 ps         ;
; N[76]               ; 2.5 V                 ; 2000 ps         ; 2000 ps         ;
; N[68]               ; 2.5 V                 ; 2000 ps         ; 2000 ps         ;
; N[92]               ; 2.5 V                 ; 2000 ps         ; 2000 ps         ;
; N[44]               ; 2.5 V                 ; 2000 ps         ; 2000 ps         ;
; N[52]               ; 2.5 V                 ; 2000 ps         ; 2000 ps         ;
; N[36]               ; 2.5 V                 ; 2000 ps         ; 2000 ps         ;
; N[60]               ; 2.5 V                 ; 2000 ps         ; 2000 ps         ;
; N[20]               ; 2.5 V                 ; 2000 ps         ; 2000 ps         ;
; N[12]               ; 2.5 V                 ; 2000 ps         ; 2000 ps         ;
; N[4]                ; 2.5 V                 ; 2000 ps         ; 2000 ps         ;
; N[28]               ; 2.5 V                 ; 2000 ps         ; 2000 ps         ;
; N[108]              ; 2.5 V                 ; 2000 ps         ; 2000 ps         ;
; N[116]              ; 2.5 V                 ; 2000 ps         ; 2000 ps         ;
; N[100]              ; 2.5 V                 ; 2000 ps         ; 2000 ps         ;
; N[124]              ; 2.5 V                 ; 2000 ps         ; 2000 ps         ;
; N[53]               ; 2.5 V                 ; 2000 ps         ; 2000 ps         ;
; N[85]               ; 2.5 V                 ; 2000 ps         ; 2000 ps         ;
; N[21]               ; 2.5 V                 ; 2000 ps         ; 2000 ps         ;
; N[117]              ; 2.5 V                 ; 2000 ps         ; 2000 ps         ;
; N[77]               ; 2.5 V                 ; 2000 ps         ; 2000 ps         ;
; N[45]               ; 2.5 V                 ; 2000 ps         ; 2000 ps         ;
; N[13]               ; 2.5 V                 ; 2000 ps         ; 2000 ps         ;
; N[109]              ; 2.5 V                 ; 2000 ps         ; 2000 ps         ;
; N[37]               ; 2.5 V                 ; 2000 ps         ; 2000 ps         ;
; N[69]               ; 2.5 V                 ; 2000 ps         ; 2000 ps         ;
; N[5]                ; 2.5 V                 ; 2000 ps         ; 2000 ps         ;
; N[101]              ; 2.5 V                 ; 2000 ps         ; 2000 ps         ;
; N[93]               ; 2.5 V                 ; 2000 ps         ; 2000 ps         ;
; N[61]               ; 2.5 V                 ; 2000 ps         ; 2000 ps         ;
; N[29]               ; 2.5 V                 ; 2000 ps         ; 2000 ps         ;
; N[125]              ; 2.5 V                 ; 2000 ps         ; 2000 ps         ;
; N[54]               ; 2.5 V                 ; 2000 ps         ; 2000 ps         ;
; N[46]               ; 2.5 V                 ; 2000 ps         ; 2000 ps         ;
; N[38]               ; 2.5 V                 ; 2000 ps         ; 2000 ps         ;
; N[62]               ; 2.5 V                 ; 2000 ps         ; 2000 ps         ;
; N[78]               ; 2.5 V                 ; 2000 ps         ; 2000 ps         ;
; N[86]               ; 2.5 V                 ; 2000 ps         ; 2000 ps         ;
; N[70]               ; 2.5 V                 ; 2000 ps         ; 2000 ps         ;
; N[94]               ; 2.5 V                 ; 2000 ps         ; 2000 ps         ;
; N[14]               ; 2.5 V                 ; 2000 ps         ; 2000 ps         ;
; N[22]               ; 2.5 V                 ; 2000 ps         ; 2000 ps         ;
; N[6]                ; 2.5 V                 ; 2000 ps         ; 2000 ps         ;
; N[30]               ; 2.5 V                 ; 2000 ps         ; 2000 ps         ;
; N[118]              ; 2.5 V                 ; 2000 ps         ; 2000 ps         ;
; N[110]              ; 2.5 V                 ; 2000 ps         ; 2000 ps         ;
; N[102]              ; 2.5 V                 ; 2000 ps         ; 2000 ps         ;
; N[126]              ; 2.5 V                 ; 2000 ps         ; 2000 ps         ;
; N[47]               ; 2.5 V                 ; 2000 ps         ; 2000 ps         ;
; N[79]               ; 2.5 V                 ; 2000 ps         ; 2000 ps         ;
; N[15]               ; 2.5 V                 ; 2000 ps         ; 2000 ps         ;
; N[111]              ; 2.5 V                 ; 2000 ps         ; 2000 ps         ;
; N[87]               ; 2.5 V                 ; 2000 ps         ; 2000 ps         ;
; N[55]               ; 2.5 V                 ; 2000 ps         ; 2000 ps         ;
; N[23]               ; 2.5 V                 ; 2000 ps         ; 2000 ps         ;
; N[119]              ; 2.5 V                 ; 2000 ps         ; 2000 ps         ;
; N[71]               ; 2.5 V                 ; 2000 ps         ; 2000 ps         ;
; N[39]               ; 2.5 V                 ; 2000 ps         ; 2000 ps         ;
; N[7]                ; 2.5 V                 ; 2000 ps         ; 2000 ps         ;
; N[103]              ; 2.5 V                 ; 2000 ps         ; 2000 ps         ;
; N[63]               ; 2.5 V                 ; 2000 ps         ; 2000 ps         ;
; N[95]               ; 2.5 V                 ; 2000 ps         ; 2000 ps         ;
; N[31]               ; 2.5 V                 ; 2000 ps         ; 2000 ps         ;
; N[127]              ; 2.5 V                 ; 2000 ps         ; 2000 ps         ;
; ~ALTERA_TMS~        ; 2.5 V Schmitt Trigger ; 2000 ps         ; 2000 ps         ;
; ~ALTERA_TCK~        ; 2.5 V Schmitt Trigger ; 2000 ps         ; 2000 ps         ;
; ~ALTERA_TDI~        ; 2.5 V Schmitt Trigger ; 2000 ps         ; 2000 ps         ;
; ~ALTERA_CONFIG_SEL~ ; 2.5 V                 ; 2000 ps         ; 2000 ps         ;
; ~ALTERA_nCONFIG~    ; 2.5 V Schmitt Trigger ; 2000 ps         ; 2000 ps         ;
; ~ALTERA_nSTATUS~    ; 2.5 V Schmitt Trigger ; 2000 ps         ; 2000 ps         ;
; ~ALTERA_CONF_DONE~  ; 2.5 V Schmitt Trigger ; 2000 ps         ; 2000 ps         ;
+---------------------+-----------------------+-----------------+-----------------+


+-------------------------------------------------------------------------------------------------------------------------------------------------------------------------------------------------------------------------------------------------------------------------------------------------------------------------------------------------------------------------------------------------------------------------------------------------------------------------------------------------------------------------------------------------------------------------------------------------------------------------------------------------------------------------------------------+
; Signal Integrity Metrics (Slow 1200mv 0c Model)                                                                                                                                                                                                                                                                                                                                                                                                                                                                                                                                                                                                                                           ;
+--------------+--------------+---------------------+---------------------+------------------------------+------------------------------+---------------------+---------------------+--------------------------------------+--------------------------------------+-----------------------------+-----------------------------+----------------------------+----------------------------+-----------------------------+-----------------------------+--------------------+--------------------+-------------------------------------+-------------------------------------+----------------------------+----------------------------+---------------------------+---------------------------+
; Pin          ; I/O Standard ; Board Delay on Rise ; Board Delay on Fall ; Steady State Voh at FPGA Pin ; Steady State Vol at FPGA Pin ; Voh Max at FPGA Pin ; Vol Min at FPGA Pin ; Ringback Voltage on Rise at FPGA Pin ; Ringback Voltage on Fall at FPGA Pin ; 10-90 Rise Time at FPGA Pin ; 90-10 Fall Time at FPGA Pin ; Monotonic Rise at FPGA Pin ; Monotonic Fall at FPGA Pin ; Steady State Voh at Far-end ; Steady State Vol at Far-end ; Voh Max at Far-end ; Vol Min at Far-end ; Ringback Voltage on Rise at Far-end ; Ringback Voltage on Fall at Far-end ; 10-90 Rise Time at Far-end ; 90-10 Fall Time at Far-end ; Monotonic Rise at Far-end ; Monotonic Fall at Far-end ;
+--------------+--------------+---------------------+---------------------+------------------------------+------------------------------+---------------------+---------------------+--------------------------------------+--------------------------------------+-----------------------------+-----------------------------+----------------------------+----------------------------+-----------------------------+-----------------------------+--------------------+--------------------+-------------------------------------+-------------------------------------+----------------------------+----------------------------+---------------------------+---------------------------+
; z[0]         ; 2.5 V        ; 0 s                 ; 0 s                 ; 2.32 V                       ; 8.25e-09 V                   ; 2.41 V              ; -0.0859 V           ; 0.289 V                              ; 0.136 V                              ; 3.15e-10 s                  ; 4.16e-10 s                  ; No                         ; Yes                        ; 2.32 V                      ; 8.25e-09 V                  ; 2.41 V             ; -0.0859 V          ; 0.289 V                             ; 0.136 V                             ; 3.15e-10 s                 ; 4.16e-10 s                 ; No                        ; Yes                       ;
; z[1]         ; 2.5 V        ; 0 s                 ; 0 s                 ; 2.32 V                       ; 8.25e-09 V                   ; 2.41 V              ; -0.0871 V           ; 0.291 V                              ; 0.138 V                              ; 3.15e-10 s                  ; 4.16e-10 s                  ; No                         ; Yes                        ; 2.32 V                      ; 8.25e-09 V                  ; 2.41 V             ; -0.0871 V          ; 0.291 V                             ; 0.138 V                             ; 3.15e-10 s                 ; 4.16e-10 s                 ; No                        ; Yes                       ;
; z[2]         ; 2.5 V        ; 0 s                 ; 0 s                 ; 2.32 V                       ; 8.25e-09 V                   ; 2.41 V              ; -0.0871 V           ; 0.291 V                              ; 0.138 V                              ; 3.15e-10 s                  ; 4.16e-10 s                  ; No                         ; Yes                        ; 2.32 V                      ; 8.25e-09 V                  ; 2.41 V             ; -0.0871 V          ; 0.291 V                             ; 0.138 V                             ; 3.15e-10 s                 ; 4.16e-10 s                 ; No                        ; Yes                       ;
; z[3]         ; 2.5 V        ; 0 s                 ; 0 s                 ; 2.32 V                       ; 8.26e-09 V                   ; 2.4 V               ; -0.0783 V           ; 0.157 V                              ; 0.167 V                              ; 4.55e-10 s                  ; 4.33e-10 s                  ; No                         ; Yes                        ; 2.32 V                      ; 8.26e-09 V                  ; 2.4 V              ; -0.0783 V          ; 0.157 V                             ; 0.167 V                             ; 4.55e-10 s                 ; 4.33e-10 s                 ; No                        ; Yes                       ;
; z[4]         ; 2.5 V        ; 0 s                 ; 0 s                 ; 2.32 V                       ; 8.25e-09 V                   ; 2.41 V              ; -0.0859 V           ; 0.289 V                              ; 0.136 V                              ; 3.15e-10 s                  ; 4.16e-10 s                  ; No                         ; Yes                        ; 2.32 V                      ; 8.25e-09 V                  ; 2.41 V             ; -0.0859 V          ; 0.289 V                             ; 0.136 V                             ; 3.15e-10 s                 ; 4.16e-10 s                 ; No                        ; Yes                       ;
; z[5]         ; 2.5 V        ; 0 s                 ; 0 s                 ; 2.32 V                       ; 8.25e-09 V                   ; 2.41 V              ; -0.0859 V           ; 0.289 V                              ; 0.136 V                              ; 3.15e-10 s                  ; 4.16e-10 s                  ; No                         ; Yes                        ; 2.32 V                      ; 8.25e-09 V                  ; 2.41 V             ; -0.0859 V          ; 0.289 V                             ; 0.136 V                             ; 3.15e-10 s                 ; 4.16e-10 s                 ; No                        ; Yes                       ;
; z[6]         ; 2.5 V        ; 0 s                 ; 0 s                 ; 2.32 V                       ; 8.25e-09 V                   ; 2.41 V              ; -0.0871 V           ; 0.291 V                              ; 0.138 V                              ; 3.15e-10 s                  ; 4.16e-10 s                  ; No                         ; Yes                        ; 2.32 V                      ; 8.25e-09 V                  ; 2.41 V             ; -0.0871 V          ; 0.291 V                             ; 0.138 V                             ; 3.15e-10 s                 ; 4.16e-10 s                 ; No                        ; Yes                       ;
; z[7]         ; 2.5 V        ; 0 s                 ; 0 s                 ; 2.32 V                       ; 8.26e-09 V                   ; 2.4 V               ; -0.0773 V           ; 0.156 V                              ; 0.166 V                              ; 4.55e-10 s                  ; 4.33e-10 s                  ; No                         ; Yes                        ; 2.32 V                      ; 8.26e-09 V                  ; 2.4 V              ; -0.0773 V          ; 0.156 V                             ; 0.166 V                             ; 4.55e-10 s                 ; 4.33e-10 s                 ; No                        ; Yes                       ;
; ~ALTERA_TDO~ ; 2.5 V        ; 0 s                 ; 0 s                 ; 2.32 V                       ; 1.39e-08 V                   ; 2.39 V              ; -0.0409 V           ; 0.211 V                              ; 0.121 V                              ; 4.7e-10 s                   ; 5.93e-10 s                  ; No                         ; Yes                        ; 2.32 V                      ; 1.39e-08 V                  ; 2.39 V             ; -0.0409 V          ; 0.211 V                             ; 0.121 V                             ; 4.7e-10 s                  ; 5.93e-10 s                 ; No                        ; Yes                       ;
+--------------+--------------+---------------------+---------------------+------------------------------+------------------------------+---------------------+---------------------+--------------------------------------+--------------------------------------+-----------------------------+-----------------------------+----------------------------+----------------------------+-----------------------------+-----------------------------+--------------------+--------------------+-------------------------------------+-------------------------------------+----------------------------+----------------------------+---------------------------+---------------------------+


+-------------------------------------------------------------------------------------------------------------------------------------------------------------------------------------------------------------------------------------------------------------------------------------------------------------------------------------------------------------------------------------------------------------------------------------------------------------------------------------------------------------------------------------------------------------------------------------------------------------------------------------------------------------------------------------------+
; Signal Integrity Metrics (Slow 1200mv 85c Model)                                                                                                                                                                                                                                                                                                                                                                                                                                                                                                                                                                                                                                          ;
+--------------+--------------+---------------------+---------------------+------------------------------+------------------------------+---------------------+---------------------+--------------------------------------+--------------------------------------+-----------------------------+-----------------------------+----------------------------+----------------------------+-----------------------------+-----------------------------+--------------------+--------------------+-------------------------------------+-------------------------------------+----------------------------+----------------------------+---------------------------+---------------------------+
; Pin          ; I/O Standard ; Board Delay on Rise ; Board Delay on Fall ; Steady State Voh at FPGA Pin ; Steady State Vol at FPGA Pin ; Voh Max at FPGA Pin ; Vol Min at FPGA Pin ; Ringback Voltage on Rise at FPGA Pin ; Ringback Voltage on Fall at FPGA Pin ; 10-90 Rise Time at FPGA Pin ; 90-10 Fall Time at FPGA Pin ; Monotonic Rise at FPGA Pin ; Monotonic Fall at FPGA Pin ; Steady State Voh at Far-end ; Steady State Vol at Far-end ; Voh Max at Far-end ; Vol Min at Far-end ; Ringback Voltage on Rise at Far-end ; Ringback Voltage on Fall at Far-end ; 10-90 Rise Time at Far-end ; 90-10 Fall Time at Far-end ; Monotonic Rise at Far-end ; Monotonic Fall at Far-end ;
+--------------+--------------+---------------------+---------------------+------------------------------+------------------------------+---------------------+---------------------+--------------------------------------+--------------------------------------+-----------------------------+-----------------------------+----------------------------+----------------------------+-----------------------------+-----------------------------+--------------------+--------------------+-------------------------------------+-------------------------------------+----------------------------+----------------------------+---------------------------+---------------------------+
; z[0]         ; 2.5 V        ; 0 s                 ; 0 s                 ; 2.32 V                       ; 1.16e-06 V                   ; 2.37 V              ; -0.049 V            ; 0.154 V                              ; 0.186 V                              ; 4.63e-10 s                  ; 4.5e-10 s                   ; Yes                        ; Yes                        ; 2.32 V                      ; 1.16e-06 V                  ; 2.37 V             ; -0.049 V           ; 0.154 V                             ; 0.186 V                             ; 4.63e-10 s                 ; 4.5e-10 s                  ; Yes                       ; Yes                       ;
; z[1]         ; 2.5 V        ; 0 s                 ; 0 s                 ; 2.32 V                       ; 1.16e-06 V                   ; 2.37 V              ; -0.0508 V           ; 0.153 V                              ; 0.187 V                              ; 4.63e-10 s                  ; 4.49e-10 s                  ; Yes                        ; Yes                        ; 2.32 V                      ; 1.16e-06 V                  ; 2.37 V             ; -0.0508 V          ; 0.153 V                             ; 0.187 V                             ; 4.63e-10 s                 ; 4.49e-10 s                 ; Yes                       ; Yes                       ;
; z[2]         ; 2.5 V        ; 0 s                 ; 0 s                 ; 2.32 V                       ; 1.16e-06 V                   ; 2.37 V              ; -0.0508 V           ; 0.153 V                              ; 0.187 V                              ; 4.63e-10 s                  ; 4.49e-10 s                  ; Yes                        ; Yes                        ; 2.32 V                      ; 1.16e-06 V                  ; 2.37 V             ; -0.0508 V          ; 0.153 V                             ; 0.187 V                             ; 4.63e-10 s                 ; 4.49e-10 s                 ; Yes                       ; Yes                       ;
; z[3]         ; 2.5 V        ; 0 s                 ; 0 s                 ; 2.32 V                       ; 1.16e-06 V                   ; 2.37 V              ; -0.0459 V           ; 0.201 V                              ; 0.093 V                              ; 4.9e-10 s                   ; 5.83e-10 s                  ; Yes                        ; No                         ; 2.32 V                      ; 1.16e-06 V                  ; 2.37 V             ; -0.0459 V          ; 0.201 V                             ; 0.093 V                             ; 4.9e-10 s                  ; 5.83e-10 s                 ; Yes                       ; No                        ;
; z[4]         ; 2.5 V        ; 0 s                 ; 0 s                 ; 2.32 V                       ; 1.16e-06 V                   ; 2.37 V              ; -0.049 V            ; 0.154 V                              ; 0.186 V                              ; 4.63e-10 s                  ; 4.5e-10 s                   ; Yes                        ; Yes                        ; 2.32 V                      ; 1.16e-06 V                  ; 2.37 V             ; -0.049 V           ; 0.154 V                             ; 0.186 V                             ; 4.63e-10 s                 ; 4.5e-10 s                  ; Yes                       ; Yes                       ;
; z[5]         ; 2.5 V        ; 0 s                 ; 0 s                 ; 2.32 V                       ; 1.16e-06 V                   ; 2.37 V              ; -0.049 V            ; 0.154 V                              ; 0.186 V                              ; 4.63e-10 s                  ; 4.5e-10 s                   ; Yes                        ; Yes                        ; 2.32 V                      ; 1.16e-06 V                  ; 2.37 V             ; -0.049 V           ; 0.154 V                             ; 0.186 V                             ; 4.63e-10 s                 ; 4.5e-10 s                  ; Yes                       ; Yes                       ;
; z[6]         ; 2.5 V        ; 0 s                 ; 0 s                 ; 2.32 V                       ; 1.16e-06 V                   ; 2.37 V              ; -0.0508 V           ; 0.153 V                              ; 0.187 V                              ; 4.63e-10 s                  ; 4.49e-10 s                  ; Yes                        ; Yes                        ; 2.32 V                      ; 1.16e-06 V                  ; 2.37 V             ; -0.0508 V          ; 0.153 V                             ; 0.187 V                             ; 4.63e-10 s                 ; 4.49e-10 s                 ; Yes                       ; Yes                       ;
; z[7]         ; 2.5 V        ; 0 s                 ; 0 s                 ; 2.32 V                       ; 1.16e-06 V                   ; 2.37 V              ; -0.0449 V           ; 0.201 V                              ; 0.093 V                              ; 4.89e-10 s                  ; 5.81e-10 s                  ; Yes                        ; No                         ; 2.32 V                      ; 1.16e-06 V                  ; 2.37 V             ; -0.0449 V          ; 0.201 V                             ; 0.093 V                             ; 4.89e-10 s                 ; 5.81e-10 s                 ; Yes                       ; No                        ;
; ~ALTERA_TDO~ ; 2.5 V        ; 0 s                 ; 0 s                 ; 2.32 V                       ; 1.97e-06 V                   ; 2.36 V              ; -0.0173 V           ; 0.144 V                              ; 0.094 V                              ; 6.44e-10 s                  ; 7.2e-10 s                   ; No                         ; Yes                        ; 2.32 V                      ; 1.97e-06 V                  ; 2.36 V             ; -0.0173 V          ; 0.144 V                             ; 0.094 V                             ; 6.44e-10 s                 ; 7.2e-10 s                  ; No                        ; Yes                       ;
+--------------+--------------+---------------------+---------------------+------------------------------+------------------------------+---------------------+---------------------+--------------------------------------+--------------------------------------+-----------------------------+-----------------------------+----------------------------+----------------------------+-----------------------------+-----------------------------+--------------------+--------------------+-------------------------------------+-------------------------------------+----------------------------+----------------------------+---------------------------+---------------------------+


+-------------------------------------------------------------------------------------------------------------------------------------------------------------------------------------------------------------------------------------------------------------------------------------------------------------------------------------------------------------------------------------------------------------------------------------------------------------------------------------------------------------------------------------------------------------------------------------------------------------------------------------------------------------------------------------------+
; Signal Integrity Metrics (Fast 1200mv 0c Model)                                                                                                                                                                                                                                                                                                                                                                                                                                                                                                                                                                                                                                           ;
+--------------+--------------+---------------------+---------------------+------------------------------+------------------------------+---------------------+---------------------+--------------------------------------+--------------------------------------+-----------------------------+-----------------------------+----------------------------+----------------------------+-----------------------------+-----------------------------+--------------------+--------------------+-------------------------------------+-------------------------------------+----------------------------+----------------------------+---------------------------+---------------------------+
; Pin          ; I/O Standard ; Board Delay on Rise ; Board Delay on Fall ; Steady State Voh at FPGA Pin ; Steady State Vol at FPGA Pin ; Voh Max at FPGA Pin ; Vol Min at FPGA Pin ; Ringback Voltage on Rise at FPGA Pin ; Ringback Voltage on Fall at FPGA Pin ; 10-90 Rise Time at FPGA Pin ; 90-10 Fall Time at FPGA Pin ; Monotonic Rise at FPGA Pin ; Monotonic Fall at FPGA Pin ; Steady State Voh at Far-end ; Steady State Vol at Far-end ; Voh Max at Far-end ; Vol Min at Far-end ; Ringback Voltage on Rise at Far-end ; Ringback Voltage on Fall at Far-end ; 10-90 Rise Time at Far-end ; 90-10 Fall Time at Far-end ; Monotonic Rise at Far-end ; Monotonic Fall at Far-end ;
+--------------+--------------+---------------------+---------------------+------------------------------+------------------------------+---------------------+---------------------+--------------------------------------+--------------------------------------+-----------------------------+-----------------------------+----------------------------+----------------------------+-----------------------------+-----------------------------+--------------------+--------------------+-------------------------------------+-------------------------------------+----------------------------+----------------------------+---------------------------+---------------------------+
; z[0]         ; 2.5 V        ; 0 s                 ; 0 s                 ; 2.62 V                       ; 9.95e-08 V                   ; 2.78 V              ; -0.0452 V           ; 0.248 V                              ; 0.108 V                              ; 2.67e-10 s                  ; 2.75e-10 s                  ; No                         ; Yes                        ; 2.62 V                      ; 9.95e-08 V                  ; 2.78 V             ; -0.0452 V          ; 0.248 V                             ; 0.108 V                             ; 2.67e-10 s                 ; 2.75e-10 s                 ; No                        ; Yes                       ;
; z[1]         ; 2.5 V        ; 0 s                 ; 0 s                 ; 2.62 V                       ; 9.94e-08 V                   ; 2.78 V              ; -0.0444 V           ; 0.25 V                               ; 0.107 V                              ; 2.67e-10 s                  ; 2.75e-10 s                  ; No                         ; Yes                        ; 2.62 V                      ; 9.94e-08 V                  ; 2.78 V             ; -0.0444 V          ; 0.25 V                              ; 0.107 V                             ; 2.67e-10 s                 ; 2.75e-10 s                 ; No                        ; Yes                       ;
; z[2]         ; 2.5 V        ; 0 s                 ; 0 s                 ; 2.62 V                       ; 9.94e-08 V                   ; 2.78 V              ; -0.0444 V           ; 0.25 V                               ; 0.107 V                              ; 2.67e-10 s                  ; 2.75e-10 s                  ; No                         ; Yes                        ; 2.62 V                      ; 9.94e-08 V                  ; 2.78 V             ; -0.0444 V          ; 0.25 V                              ; 0.107 V                             ; 2.67e-10 s                 ; 2.75e-10 s                 ; No                        ; Yes                       ;
; z[3]         ; 2.5 V        ; 0 s                 ; 0 s                 ; 2.62 V                       ; 9.94e-08 V                   ; 2.77 V              ; -0.0485 V           ; 0.289 V                              ; 0.058 V                              ; 2.81e-10 s                  ; 3.04e-10 s                  ; No                         ; Yes                        ; 2.62 V                      ; 9.94e-08 V                  ; 2.77 V             ; -0.0485 V          ; 0.289 V                             ; 0.058 V                             ; 2.81e-10 s                 ; 3.04e-10 s                 ; No                        ; Yes                       ;
; z[4]         ; 2.5 V        ; 0 s                 ; 0 s                 ; 2.62 V                       ; 9.95e-08 V                   ; 2.78 V              ; -0.0452 V           ; 0.248 V                              ; 0.108 V                              ; 2.67e-10 s                  ; 2.75e-10 s                  ; No                         ; Yes                        ; 2.62 V                      ; 9.95e-08 V                  ; 2.78 V             ; -0.0452 V          ; 0.248 V                             ; 0.108 V                             ; 2.67e-10 s                 ; 2.75e-10 s                 ; No                        ; Yes                       ;
; z[5]         ; 2.5 V        ; 0 s                 ; 0 s                 ; 2.62 V                       ; 9.95e-08 V                   ; 2.78 V              ; -0.0452 V           ; 0.248 V                              ; 0.108 V                              ; 2.67e-10 s                  ; 2.75e-10 s                  ; No                         ; Yes                        ; 2.62 V                      ; 9.95e-08 V                  ; 2.78 V             ; -0.0452 V          ; 0.248 V                             ; 0.108 V                             ; 2.67e-10 s                 ; 2.75e-10 s                 ; No                        ; Yes                       ;
; z[6]         ; 2.5 V        ; 0 s                 ; 0 s                 ; 2.62 V                       ; 9.94e-08 V                   ; 2.78 V              ; -0.0444 V           ; 0.25 V                               ; 0.107 V                              ; 2.67e-10 s                  ; 2.75e-10 s                  ; No                         ; Yes                        ; 2.62 V                      ; 9.94e-08 V                  ; 2.78 V             ; -0.0444 V          ; 0.25 V                              ; 0.107 V                             ; 2.67e-10 s                 ; 2.75e-10 s                 ; No                        ; Yes                       ;
; z[7]         ; 2.5 V        ; 0 s                 ; 0 s                 ; 2.62 V                       ; 9.95e-08 V                   ; 2.77 V              ; -0.0486 V           ; 0.285 V                              ; 0.06 V                               ; 2.8e-10 s                   ; 3.04e-10 s                  ; No                         ; Yes                        ; 2.62 V                      ; 9.95e-08 V                  ; 2.77 V             ; -0.0486 V          ; 0.285 V                             ; 0.06 V                              ; 2.8e-10 s                  ; 3.04e-10 s                 ; No                        ; Yes                       ;
; ~ALTERA_TDO~ ; 2.5 V        ; 0 s                 ; 0 s                 ; 2.62 V                       ; 1.68e-07 V                   ; 2.73 V              ; -0.0395 V           ; 0.361 V                              ; 0.109 V                              ; 3.11e-10 s                  ; 4.41e-10 s                  ; No                         ; Yes                        ; 2.62 V                      ; 1.68e-07 V                  ; 2.73 V             ; -0.0395 V          ; 0.361 V                             ; 0.109 V                             ; 3.11e-10 s                 ; 4.41e-10 s                 ; No                        ; Yes                       ;
+--------------+--------------+---------------------+---------------------+------------------------------+------------------------------+---------------------+---------------------+--------------------------------------+--------------------------------------+-----------------------------+-----------------------------+----------------------------+----------------------------+-----------------------------+-----------------------------+--------------------+--------------------+-------------------------------------+-------------------------------------+----------------------------+----------------------------+---------------------------+---------------------------+


-------------------
; Clock Transfers ;
-------------------
Nothing to report.


---------------
; Report TCCS ;
---------------
No dedicated SERDES Transmitter circuitry present in device or used in design


---------------
; Report RSKM ;
---------------
No non-DPA dedicated SERDES Receiver circuitry present in device or used in design


+------------------------------------------------+
; Unconstrained Paths Summary                    ;
+---------------------------------+-------+------+
; Property                        ; Setup ; Hold ;
+---------------------------------+-------+------+
; Illegal Clocks                  ; 0     ; 0    ;
; Unconstrained Clocks            ; 0     ; 0    ;
; Unconstrained Input Ports       ; 132   ; 132  ;
; Unconstrained Input Port Paths  ; 160   ; 160  ;
; Unconstrained Output Ports      ; 8     ; 8    ;
; Unconstrained Output Port Paths ; 160   ; 160  ;
+---------------------------------+-------+------+


+---------------------------------------------------------------------------------------------------+
; Unconstrained Input Ports                                                                         ;
+------------+--------------------------------------------------------------------------------------+
; Input Port ; Comment                                                                              ;
+------------+--------------------------------------------------------------------------------------+
; N[0]       ; No input delay, min/max delays, false-path exceptions, or max skew assignments found ;
; N[1]       ; No input delay, min/max delays, false-path exceptions, or max skew assignments found ;
; N[2]       ; No input delay, min/max delays, false-path exceptions, or max skew assignments found ;
; N[3]       ; No input delay, min/max delays, false-path exceptions, or max skew assignments found ;
; N[4]       ; No input delay, min/max delays, false-path exceptions, or max skew assignments found ;
; N[5]       ; No input delay, min/max delays, false-path exceptions, or max skew assignments found ;
; N[6]       ; No input delay, min/max delays, false-path exceptions, or max skew assignments found ;
; N[7]       ; No input delay, min/max delays, false-path exceptions, or max skew assignments found ;
; N[8]       ; No input delay, min/max delays, false-path exceptions, or max skew assignments found ;
; N[9]       ; No input delay, min/max delays, false-path exceptions, or max skew assignments found ;
; N[10]      ; No input delay, min/max delays, false-path exceptions, or max skew assignments found ;
; N[11]      ; No input delay, min/max delays, false-path exceptions, or max skew assignments found ;
; N[12]      ; No input delay, min/max delays, false-path exceptions, or max skew assignments found ;
; N[13]      ; No input delay, min/max delays, false-path exceptions, or max skew assignments found ;
; N[14]      ; No input delay, min/max delays, false-path exceptions, or max skew assignments found ;
; N[15]      ; No input delay, min/max delays, false-path exceptions, or max skew assignments found ;
; N[16]      ; No input delay, min/max delays, false-path exceptions, or max skew assignments found ;
; N[17]      ; No input delay, min/max delays, false-path exceptions, or max skew assignments found ;
; N[18]      ; No input delay, min/max delays, false-path exceptions, or max skew assignments found ;
; N[19]      ; No input delay, min/max delays, false-path exceptions, or max skew assignments found ;
; N[20]      ; No input delay, min/max delays, false-path exceptions, or max skew assignments found ;
; N[21]      ; No input delay, min/max delays, false-path exceptions, or max skew assignments found ;
; N[22]      ; No input delay, min/max delays, false-path exceptions, or max skew assignments found ;
; N[23]      ; No input delay, min/max delays, false-path exceptions, or max skew assignments found ;
; N[24]      ; No input delay, min/max delays, false-path exceptions, or max skew assignments found ;
; N[25]      ; No input delay, min/max delays, false-path exceptions, or max skew assignments found ;
; N[26]      ; No input delay, min/max delays, false-path exceptions, or max skew assignments found ;
; N[27]      ; No input delay, min/max delays, false-path exceptions, or max skew assignments found ;
; N[28]      ; No input delay, min/max delays, false-path exceptions, or max skew assignments found ;
; N[29]      ; No input delay, min/max delays, false-path exceptions, or max skew assignments found ;
; N[30]      ; No input delay, min/max delays, false-path exceptions, or max skew assignments found ;
; N[31]      ; No input delay, min/max delays, false-path exceptions, or max skew assignments found ;
; N[32]      ; No input delay, min/max delays, false-path exceptions, or max skew assignments found ;
; N[33]      ; No input delay, min/max delays, false-path exceptions, or max skew assignments found ;
; N[34]      ; No input delay, min/max delays, false-path exceptions, or max skew assignments found ;
; N[35]      ; No input delay, min/max delays, false-path exceptions, or max skew assignments found ;
; N[36]      ; No input delay, min/max delays, false-path exceptions, or max skew assignments found ;
; N[37]      ; No input delay, min/max delays, false-path exceptions, or max skew assignments found ;
; N[38]      ; No input delay, min/max delays, false-path exceptions, or max skew assignments found ;
; N[39]      ; No input delay, min/max delays, false-path exceptions, or max skew assignments found ;
; N[40]      ; No input delay, min/max delays, false-path exceptions, or max skew assignments found ;
; N[41]      ; No input delay, min/max delays, false-path exceptions, or max skew assignments found ;
; N[42]      ; No input delay, min/max delays, false-path exceptions, or max skew assignments found ;
; N[43]      ; No input delay, min/max delays, false-path exceptions, or max skew assignments found ;
; N[44]      ; No input delay, min/max delays, false-path exceptions, or max skew assignments found ;
; N[45]      ; No input delay, min/max delays, false-path exceptions, or max skew assignments found ;
; N[46]      ; No input delay, min/max delays, false-path exceptions, or max skew assignments found ;
; N[47]      ; No input delay, min/max delays, false-path exceptions, or max skew assignments found ;
; N[48]      ; No input delay, min/max delays, false-path exceptions, or max skew assignments found ;
; N[49]      ; No input delay, min/max delays, false-path exceptions, or max skew assignments found ;
; N[50]      ; No input delay, min/max delays, false-path exceptions, or max skew assignments found ;
; N[51]      ; No input delay, min/max delays, false-path exceptions, or max skew assignments found ;
; N[52]      ; No input delay, min/max delays, false-path exceptions, or max skew assignments found ;
; N[53]      ; No input delay, min/max delays, false-path exceptions, or max skew assignments found ;
; N[54]      ; No input delay, min/max delays, false-path exceptions, or max skew assignments found ;
; N[55]      ; No input delay, min/max delays, false-path exceptions, or max skew assignments found ;
; N[56]      ; No input delay, min/max delays, false-path exceptions, or max skew assignments found ;
; N[57]      ; No input delay, min/max delays, false-path exceptions, or max skew assignments found ;
; N[58]      ; No input delay, min/max delays, false-path exceptions, or max skew assignments found ;
; N[59]      ; No input delay, min/max delays, false-path exceptions, or max skew assignments found ;
; N[60]      ; No input delay, min/max delays, false-path exceptions, or max skew assignments found ;
; N[61]      ; No input delay, min/max delays, false-path exceptions, or max skew assignments found ;
; N[62]      ; No input delay, min/max delays, false-path exceptions, or max skew assignments found ;
; N[63]      ; No input delay, min/max delays, false-path exceptions, or max skew assignments found ;
; N[64]      ; No input delay, min/max delays, false-path exceptions, or max skew assignments found ;
; N[65]      ; No input delay, min/max delays, false-path exceptions, or max skew assignments found ;
; N[66]      ; No input delay, min/max delays, false-path exceptions, or max skew assignments found ;
; N[67]      ; No input delay, min/max delays, false-path exceptions, or max skew assignments found ;
; N[68]      ; No input delay, min/max delays, false-path exceptions, or max skew assignments found ;
; N[69]      ; No input delay, min/max delays, false-path exceptions, or max skew assignments found ;
; N[70]      ; No input delay, min/max delays, false-path exceptions, or max skew assignments found ;
; N[71]      ; No input delay, min/max delays, false-path exceptions, or max skew assignments found ;
; N[72]      ; No input delay, min/max delays, false-path exceptions, or max skew assignments found ;
; N[73]      ; No input delay, min/max delays, false-path exceptions, or max skew assignments found ;
; N[74]      ; No input delay, min/max delays, false-path exceptions, or max skew assignments found ;
; N[75]      ; No input delay, min/max delays, false-path exceptions, or max skew assignments found ;
; N[76]      ; No input delay, min/max delays, false-path exceptions, or max skew assignments found ;
; N[77]      ; No input delay, min/max delays, false-path exceptions, or max skew assignments found ;
; N[78]      ; No input delay, min/max delays, false-path exceptions, or max skew assignments found ;
; N[79]      ; No input delay, min/max delays, false-path exceptions, or max skew assignments found ;
; N[80]      ; No input delay, min/max delays, false-path exceptions, or max skew assignments found ;
; N[81]      ; No input delay, min/max delays, false-path exceptions, or max skew assignments found ;
; N[82]      ; No input delay, min/max delays, false-path exceptions, or max skew assignments found ;
; N[83]      ; No input delay, min/max delays, false-path exceptions, or max skew assignments found ;
; N[84]      ; No input delay, min/max delays, false-path exceptions, or max skew assignments found ;
; N[85]      ; No input delay, min/max delays, false-path exceptions, or max skew assignments found ;
; N[86]      ; No input delay, min/max delays, false-path exceptions, or max skew assignments found ;
; N[87]      ; No input delay, min/max delays, false-path exceptions, or max skew assignments found ;
; N[88]      ; No input delay, min/max delays, false-path exceptions, or max skew assignments found ;
; N[89]      ; No input delay, min/max delays, false-path exceptions, or max skew assignments found ;
; N[90]      ; No input delay, min/max delays, false-path exceptions, or max skew assignments found ;
; N[91]      ; No input delay, min/max delays, false-path exceptions, or max skew assignments found ;
; N[92]      ; No input delay, min/max delays, false-path exceptions, or max skew assignments found ;
; N[93]      ; No input delay, min/max delays, false-path exceptions, or max skew assignments found ;
; N[94]      ; No input delay, min/max delays, false-path exceptions, or max skew assignments found ;
; N[95]      ; No input delay, min/max delays, false-path exceptions, or max skew assignments found ;
; N[96]      ; No input delay, min/max delays, false-path exceptions, or max skew assignments found ;
; N[97]      ; No input delay, min/max delays, false-path exceptions, or max skew assignments found ;
; N[98]      ; No input delay, min/max delays, false-path exceptions, or max skew assignments found ;
; N[99]      ; No input delay, min/max delays, false-path exceptions, or max skew assignments found ;
; N[100]     ; No input delay, min/max delays, false-path exceptions, or max skew assignments found ;
; N[101]     ; No input delay, min/max delays, false-path exceptions, or max skew assignments found ;
; N[102]     ; No input delay, min/max delays, false-path exceptions, or max skew assignments found ;
; N[103]     ; No input delay, min/max delays, false-path exceptions, or max skew assignments found ;
; N[104]     ; No input delay, min/max delays, false-path exceptions, or max skew assignments found ;
; N[105]     ; No input delay, min/max delays, false-path exceptions, or max skew assignments found ;
; N[106]     ; No input delay, min/max delays, false-path exceptions, or max skew assignments found ;
; N[107]     ; No input delay, min/max delays, false-path exceptions, or max skew assignments found ;
; N[108]     ; No input delay, min/max delays, false-path exceptions, or max skew assignments found ;
; N[109]     ; No input delay, min/max delays, false-path exceptions, or max skew assignments found ;
; N[110]     ; No input delay, min/max delays, false-path exceptions, or max skew assignments found ;
; N[111]     ; No input delay, min/max delays, false-path exceptions, or max skew assignments found ;
; N[112]     ; No input delay, min/max delays, false-path exceptions, or max skew assignments found ;
; N[113]     ; No input delay, min/max delays, false-path exceptions, or max skew assignments found ;
; N[114]     ; No input delay, min/max delays, false-path exceptions, or max skew assignments found ;
; N[115]     ; No input delay, min/max delays, false-path exceptions, or max skew assignments found ;
; N[116]     ; No input delay, min/max delays, false-path exceptions, or max skew assignments found ;
; N[117]     ; No input delay, min/max delays, false-path exceptions, or max skew assignments found ;
; N[118]     ; No input delay, min/max delays, false-path exceptions, or max skew assignments found ;
; N[119]     ; No input delay, min/max delays, false-path exceptions, or max skew assignments found ;
; N[120]     ; No input delay, min/max delays, false-path exceptions, or max skew assignments found ;
; N[121]     ; No input delay, min/max delays, false-path exceptions, or max skew assignments found ;
; N[122]     ; No input delay, min/max delays, false-path exceptions, or max skew assignments found ;
; N[123]     ; No input delay, min/max delays, false-path exceptions, or max skew assignments found ;
; N[124]     ; No input delay, min/max delays, false-path exceptions, or max skew assignments found ;
; N[125]     ; No input delay, min/max delays, false-path exceptions, or max skew assignments found ;
; N[126]     ; No input delay, min/max delays, false-path exceptions, or max skew assignments found ;
; N[127]     ; No input delay, min/max delays, false-path exceptions, or max skew assignments found ;
; selecao[0] ; No input delay, min/max delays, false-path exceptions, or max skew assignments found ;
; selecao[1] ; No input delay, min/max delays, false-path exceptions, or max skew assignments found ;
; selecao[2] ; No input delay, min/max delays, false-path exceptions, or max skew assignments found ;
; selecao[3] ; No input delay, min/max delays, false-path exceptions, or max skew assignments found ;
+------------+--------------------------------------------------------------------------------------+


+-----------------------------------------------------------------------------------------------------+
; Unconstrained Output Ports                                                                          ;
+-------------+---------------------------------------------------------------------------------------+
; Output Port ; Comment                                                                               ;
+-------------+---------------------------------------------------------------------------------------+
; z[0]        ; No output delay, min/max delays, false-path exceptions, or max skew assignments found ;
; z[1]        ; No output delay, min/max delays, false-path exceptions, or max skew assignments found ;
; z[2]        ; No output delay, min/max delays, false-path exceptions, or max skew assignments found ;
; z[3]        ; No output delay, min/max delays, false-path exceptions, or max skew assignments found ;
; z[4]        ; No output delay, min/max delays, false-path exceptions, or max skew assignments found ;
; z[5]        ; No output delay, min/max delays, false-path exceptions, or max skew assignments found ;
; z[6]        ; No output delay, min/max delays, false-path exceptions, or max skew assignments found ;
; z[7]        ; No output delay, min/max delays, false-path exceptions, or max skew assignments found ;
+-------------+---------------------------------------------------------------------------------------+


+---------------------------------------------------------------------------------------------------+
; Unconstrained Input Ports                                                                         ;
+------------+--------------------------------------------------------------------------------------+
; Input Port ; Comment                                                                              ;
+------------+--------------------------------------------------------------------------------------+
; N[0]       ; No input delay, min/max delays, false-path exceptions, or max skew assignments found ;
; N[1]       ; No input delay, min/max delays, false-path exceptions, or max skew assignments found ;
; N[2]       ; No input delay, min/max delays, false-path exceptions, or max skew assignments found ;
; N[3]       ; No input delay, min/max delays, false-path exceptions, or max skew assignments found ;
; N[4]       ; No input delay, min/max delays, false-path exceptions, or max skew assignments found ;
; N[5]       ; No input delay, min/max delays, false-path exceptions, or max skew assignments found ;
; N[6]       ; No input delay, min/max delays, false-path exceptions, or max skew assignments found ;
; N[7]       ; No input delay, min/max delays, false-path exceptions, or max skew assignments found ;
; N[8]       ; No input delay, min/max delays, false-path exceptions, or max skew assignments found ;
; N[9]       ; No input delay, min/max delays, false-path exceptions, or max skew assignments found ;
; N[10]      ; No input delay, min/max delays, false-path exceptions, or max skew assignments found ;
; N[11]      ; No input delay, min/max delays, false-path exceptions, or max skew assignments found ;
; N[12]      ; No input delay, min/max delays, false-path exceptions, or max skew assignments found ;
; N[13]      ; No input delay, min/max delays, false-path exceptions, or max skew assignments found ;
; N[14]      ; No input delay, min/max delays, false-path exceptions, or max skew assignments found ;
; N[15]      ; No input delay, min/max delays, false-path exceptions, or max skew assignments found ;
; N[16]      ; No input delay, min/max delays, false-path exceptions, or max skew assignments found ;
; N[17]      ; No input delay, min/max delays, false-path exceptions, or max skew assignments found ;
; N[18]      ; No input delay, min/max delays, false-path exceptions, or max skew assignments found ;
; N[19]      ; No input delay, min/max delays, false-path exceptions, or max skew assignments found ;
; N[20]      ; No input delay, min/max delays, false-path exceptions, or max skew assignments found ;
; N[21]      ; No input delay, min/max delays, false-path exceptions, or max skew assignments found ;
; N[22]      ; No input delay, min/max delays, false-path exceptions, or max skew assignments found ;
; N[23]      ; No input delay, min/max delays, false-path exceptions, or max skew assignments found ;
; N[24]      ; No input delay, min/max delays, false-path exceptions, or max skew assignments found ;
; N[25]      ; No input delay, min/max delays, false-path exceptions, or max skew assignments found ;
; N[26]      ; No input delay, min/max delays, false-path exceptions, or max skew assignments found ;
; N[27]      ; No input delay, min/max delays, false-path exceptions, or max skew assignments found ;
; N[28]      ; No input delay, min/max delays, false-path exceptions, or max skew assignments found ;
; N[29]      ; No input delay, min/max delays, false-path exceptions, or max skew assignments found ;
; N[30]      ; No input delay, min/max delays, false-path exceptions, or max skew assignments found ;
; N[31]      ; No input delay, min/max delays, false-path exceptions, or max skew assignments found ;
; N[32]      ; No input delay, min/max delays, false-path exceptions, or max skew assignments found ;
; N[33]      ; No input delay, min/max delays, false-path exceptions, or max skew assignments found ;
; N[34]      ; No input delay, min/max delays, false-path exceptions, or max skew assignments found ;
; N[35]      ; No input delay, min/max delays, false-path exceptions, or max skew assignments found ;
; N[36]      ; No input delay, min/max delays, false-path exceptions, or max skew assignments found ;
; N[37]      ; No input delay, min/max delays, false-path exceptions, or max skew assignments found ;
; N[38]      ; No input delay, min/max delays, false-path exceptions, or max skew assignments found ;
; N[39]      ; No input delay, min/max delays, false-path exceptions, or max skew assignments found ;
; N[40]      ; No input delay, min/max delays, false-path exceptions, or max skew assignments found ;
; N[41]      ; No input delay, min/max delays, false-path exceptions, or max skew assignments found ;
; N[42]      ; No input delay, min/max delays, false-path exceptions, or max skew assignments found ;
; N[43]      ; No input delay, min/max delays, false-path exceptions, or max skew assignments found ;
; N[44]      ; No input delay, min/max delays, false-path exceptions, or max skew assignments found ;
; N[45]      ; No input delay, min/max delays, false-path exceptions, or max skew assignments found ;
; N[46]      ; No input delay, min/max delays, false-path exceptions, or max skew assignments found ;
; N[47]      ; No input delay, min/max delays, false-path exceptions, or max skew assignments found ;
; N[48]      ; No input delay, min/max delays, false-path exceptions, or max skew assignments found ;
; N[49]      ; No input delay, min/max delays, false-path exceptions, or max skew assignments found ;
; N[50]      ; No input delay, min/max delays, false-path exceptions, or max skew assignments found ;
; N[51]      ; No input delay, min/max delays, false-path exceptions, or max skew assignments found ;
; N[52]      ; No input delay, min/max delays, false-path exceptions, or max skew assignments found ;
; N[53]      ; No input delay, min/max delays, false-path exceptions, or max skew assignments found ;
; N[54]      ; No input delay, min/max delays, false-path exceptions, or max skew assignments found ;
; N[55]      ; No input delay, min/max delays, false-path exceptions, or max skew assignments found ;
; N[56]      ; No input delay, min/max delays, false-path exceptions, or max skew assignments found ;
; N[57]      ; No input delay, min/max delays, false-path exceptions, or max skew assignments found ;
; N[58]      ; No input delay, min/max delays, false-path exceptions, or max skew assignments found ;
; N[59]      ; No input delay, min/max delays, false-path exceptions, or max skew assignments found ;
; N[60]      ; No input delay, min/max delays, false-path exceptions, or max skew assignments found ;
; N[61]      ; No input delay, min/max delays, false-path exceptions, or max skew assignments found ;
; N[62]      ; No input delay, min/max delays, false-path exceptions, or max skew assignments found ;
; N[63]      ; No input delay, min/max delays, false-path exceptions, or max skew assignments found ;
; N[64]      ; No input delay, min/max delays, false-path exceptions, or max skew assignments found ;
; N[65]      ; No input delay, min/max delays, false-path exceptions, or max skew assignments found ;
; N[66]      ; No input delay, min/max delays, false-path exceptions, or max skew assignments found ;
; N[67]      ; No input delay, min/max delays, false-path exceptions, or max skew assignments found ;
; N[68]      ; No input delay, min/max delays, false-path exceptions, or max skew assignments found ;
; N[69]      ; No input delay, min/max delays, false-path exceptions, or max skew assignments found ;
; N[70]      ; No input delay, min/max delays, false-path exceptions, or max skew assignments found ;
; N[71]      ; No input delay, min/max delays, false-path exceptions, or max skew assignments found ;
; N[72]      ; No input delay, min/max delays, false-path exceptions, or max skew assignments found ;
; N[73]      ; No input delay, min/max delays, false-path exceptions, or max skew assignments found ;
; N[74]      ; No input delay, min/max delays, false-path exceptions, or max skew assignments found ;
; N[75]      ; No input delay, min/max delays, false-path exceptions, or max skew assignments found ;
; N[76]      ; No input delay, min/max delays, false-path exceptions, or max skew assignments found ;
; N[77]      ; No input delay, min/max delays, false-path exceptions, or max skew assignments found ;
; N[78]      ; No input delay, min/max delays, false-path exceptions, or max skew assignments found ;
; N[79]      ; No input delay, min/max delays, false-path exceptions, or max skew assignments found ;
; N[80]      ; No input delay, min/max delays, false-path exceptions, or max skew assignments found ;
; N[81]      ; No input delay, min/max delays, false-path exceptions, or max skew assignments found ;
; N[82]      ; No input delay, min/max delays, false-path exceptions, or max skew assignments found ;
; N[83]      ; No input delay, min/max delays, false-path exceptions, or max skew assignments found ;
; N[84]      ; No input delay, min/max delays, false-path exceptions, or max skew assignments found ;
; N[85]      ; No input delay, min/max delays, false-path exceptions, or max skew assignments found ;
; N[86]      ; No input delay, min/max delays, false-path exceptions, or max skew assignments found ;
; N[87]      ; No input delay, min/max delays, false-path exceptions, or max skew assignments found ;
; N[88]      ; No input delay, min/max delays, false-path exceptions, or max skew assignments found ;
; N[89]      ; No input delay, min/max delays, false-path exceptions, or max skew assignments found ;
; N[90]      ; No input delay, min/max delays, false-path exceptions, or max skew assignments found ;
; N[91]      ; No input delay, min/max delays, false-path exceptions, or max skew assignments found ;
; N[92]      ; No input delay, min/max delays, false-path exceptions, or max skew assignments found ;
; N[93]      ; No input delay, min/max delays, false-path exceptions, or max skew assignments found ;
; N[94]      ; No input delay, min/max delays, false-path exceptions, or max skew assignments found ;
; N[95]      ; No input delay, min/max delays, false-path exceptions, or max skew assignments found ;
; N[96]      ; No input delay, min/max delays, false-path exceptions, or max skew assignments found ;
; N[97]      ; No input delay, min/max delays, false-path exceptions, or max skew assignments found ;
; N[98]      ; No input delay, min/max delays, false-path exceptions, or max skew assignments found ;
; N[99]      ; No input delay, min/max delays, false-path exceptions, or max skew assignments found ;
; N[100]     ; No input delay, min/max delays, false-path exceptions, or max skew assignments found ;
; N[101]     ; No input delay, min/max delays, false-path exceptions, or max skew assignments found ;
; N[102]     ; No input delay, min/max delays, false-path exceptions, or max skew assignments found ;
; N[103]     ; No input delay, min/max delays, false-path exceptions, or max skew assignments found ;
; N[104]     ; No input delay, min/max delays, false-path exceptions, or max skew assignments found ;
; N[105]     ; No input delay, min/max delays, false-path exceptions, or max skew assignments found ;
; N[106]     ; No input delay, min/max delays, false-path exceptions, or max skew assignments found ;
; N[107]     ; No input delay, min/max delays, false-path exceptions, or max skew assignments found ;
; N[108]     ; No input delay, min/max delays, false-path exceptions, or max skew assignments found ;
; N[109]     ; No input delay, min/max delays, false-path exceptions, or max skew assignments found ;
; N[110]     ; No input delay, min/max delays, false-path exceptions, or max skew assignments found ;
; N[111]     ; No input delay, min/max delays, false-path exceptions, or max skew assignments found ;
; N[112]     ; No input delay, min/max delays, false-path exceptions, or max skew assignments found ;
; N[113]     ; No input delay, min/max delays, false-path exceptions, or max skew assignments found ;
; N[114]     ; No input delay, min/max delays, false-path exceptions, or max skew assignments found ;
; N[115]     ; No input delay, min/max delays, false-path exceptions, or max skew assignments found ;
; N[116]     ; No input delay, min/max delays, false-path exceptions, or max skew assignments found ;
; N[117]     ; No input delay, min/max delays, false-path exceptions, or max skew assignments found ;
; N[118]     ; No input delay, min/max delays, false-path exceptions, or max skew assignments found ;
; N[119]     ; No input delay, min/max delays, false-path exceptions, or max skew assignments found ;
; N[120]     ; No input delay, min/max delays, false-path exceptions, or max skew assignments found ;
; N[121]     ; No input delay, min/max delays, false-path exceptions, or max skew assignments found ;
; N[122]     ; No input delay, min/max delays, false-path exceptions, or max skew assignments found ;
; N[123]     ; No input delay, min/max delays, false-path exceptions, or max skew assignments found ;
; N[124]     ; No input delay, min/max delays, false-path exceptions, or max skew assignments found ;
; N[125]     ; No input delay, min/max delays, false-path exceptions, or max skew assignments found ;
; N[126]     ; No input delay, min/max delays, false-path exceptions, or max skew assignments found ;
; N[127]     ; No input delay, min/max delays, false-path exceptions, or max skew assignments found ;
; selecao[0] ; No input delay, min/max delays, false-path exceptions, or max skew assignments found ;
; selecao[1] ; No input delay, min/max delays, false-path exceptions, or max skew assignments found ;
; selecao[2] ; No input delay, min/max delays, false-path exceptions, or max skew assignments found ;
; selecao[3] ; No input delay, min/max delays, false-path exceptions, or max skew assignments found ;
+------------+--------------------------------------------------------------------------------------+


+-----------------------------------------------------------------------------------------------------+
; Unconstrained Output Ports                                                                          ;
+-------------+---------------------------------------------------------------------------------------+
; Output Port ; Comment                                                                               ;
+-------------+---------------------------------------------------------------------------------------+
; z[0]        ; No output delay, min/max delays, false-path exceptions, or max skew assignments found ;
; z[1]        ; No output delay, min/max delays, false-path exceptions, or max skew assignments found ;
; z[2]        ; No output delay, min/max delays, false-path exceptions, or max skew assignments found ;
; z[3]        ; No output delay, min/max delays, false-path exceptions, or max skew assignments found ;
; z[4]        ; No output delay, min/max delays, false-path exceptions, or max skew assignments found ;
; z[5]        ; No output delay, min/max delays, false-path exceptions, or max skew assignments found ;
; z[6]        ; No output delay, min/max delays, false-path exceptions, or max skew assignments found ;
; z[7]        ; No output delay, min/max delays, false-path exceptions, or max skew assignments found ;
+-------------+---------------------------------------------------------------------------------------+


+--------------------------+
; Timing Analyzer Messages ;
+--------------------------+
Info: *******************************************************************
Info: Running Quartus Prime Timing Analyzer
    Info: Version 21.1.0 Build 842 10/21/2021 SJ Lite Edition
    Info: Processing started: Thu Apr 30 23:26:47 2026
Info: Command: quartus_sta projeto -c projeto
Info: qsta_default_script.tcl version: #1
Warning (18236): Number of processors has not been specified which may cause overloading on shared machines.  Set the global assignment NUM_PARALLEL_PROCESSORS in your QSF to an appropriate value for best performance.
Info (20030): Parallel compilation is enabled and will use 4 of the 4 processors detected
Info (21077): Low junction temperature is 0 degrees C
Info (21077): High junction temperature is 85 degrees C
Critical Warning (332012): Synopsys Design Constraints File file not found: 'projeto.sdc'. A Synopsys Design Constraints File is required by the Timing Analyzer to get proper timing constraints. Without it, the Compiler will not properly optimize the design.
Info (332142): No user constrained base clocks found in the design. Calling "derive_clocks -period 1.0"
Info (332096): The command derive_clocks did not find any clocks to derive.  No clocks were created or changed.
Warning (332068): No clocks defined in design.
Info (332143): No user constrained clock uncertainty found in the design. Calling "derive_clock_uncertainty"
Info (332154): The derive_clock_uncertainty command did not apply clock uncertainty to any clock-to-clock transfers.
Info: Found TIMING_ANALYZER_REPORT_SCRIPT_INCLUDE_DEFAULT_ANALYSIS = ON
Info (332159): No clocks to report
Info: Analyzing Slow 1200mV 85C Model
Info (332140): No fmax paths to report
Info: Can't run Report Timing Closure Recommendations. The current device family is not supported.
Info (332140): No Setup paths to report
Info (332140): No Hold paths to report
Info (332140): No Recovery paths to report
Info (332140): No Removal paths to report
Info (332140): No Minimum Pulse Width paths to report
Info: Analyzing Slow 1200mV 0C Model
Info (334003): Started post-fitting delay annotation
Info (334004): Delay annotation completed successfully
Info (332142): No user constrained base clocks found in the design. Calling "derive_clocks -period 1.0"
Info (332096): The command derive_clocks did not find any clocks to derive.  No clocks were created or changed.
Warning (332068): No clocks defined in design.
Info (332154): The derive_clock_uncertainty command did not apply clock uncertainty to any clock-to-clock transfers.
Info (332140): No fmax paths to report
Info (332140): No Setup paths to report
Info (332140): No Hold paths to report
Info (332140): No Recovery paths to report
Info (332140): No Removal paths to report
Info (332140): No Minimum Pulse Width paths to report
Info: Analyzing Fast 1200mV 0C Model
Info (332142): No user constrained base clocks found in the design. Calling "derive_clocks -period 1.0"
Info (332096): The command derive_clocks did not find any clocks to derive.  No clocks were created or changed.
Warning (332068): No clocks defined in design.
Info (332154): The derive_clock_uncertainty command did not apply clock uncertainty to any clock-to-clock transfers.
Info (332140): No Setup paths to report
Info (332140): No Hold paths to report
Info (332140): No Recovery paths to report
Info (332140): No Removal paths to report
Info (332140): No Minimum Pulse Width paths to report
Info (332102): Design is not fully constrained for setup requirements
Info (332102): Design is not fully constrained for hold requirements
Info: Quartus Prime Timing Analyzer was successful. 0 errors, 5 warnings
    Info: Peak virtual memory: 4918 megabytes
    Info: Processing ended: Thu Apr 30 23:26:50 2026
    Info: Elapsed time: 00:00:03
    Info: Total CPU time (on all processors): 00:00:03


